
> khaos-kontrol-system@5.7.5 build
> tsc && vite build && node -e "const fs = require('fs'); fs.copyFileSync('dist/index.html', 'dist/404.html');"

[36mvite v7.3.1 [32mbuilding client environment for production...[36m[39m
transforming...

/grid-pattern.svg referenced in /grid-pattern.svg didn't resolve at build time, it will remain unchanged to be resolved at runtime
[32mÔ£ô[39m 5480 modules transformed.
rendering chunks...
The emitted file "assets/AIController-CRSl7P9M.css.gz" overwrites a previously emitted file of the same name.
The emitted file "assets/CalendarPage-BSwzzYnC.css.gz" overwrites a previously emitted file of the same name.
The emitted file "assets/vendor-utils-BvP1mSzu.js.gz" overwrites a previously emitted file of the same name.
The emitted file "assets/index-CNJ84Zll.css.gz" overwrites a previously emitted file of the same name.
The emitted file "assets/ai-markdown-aqfBWAz5.js.gz" overwrites a previously emitted file of the same name.
The emitted file "assets/vendor-supabase-D_CmHeyx.js.gz" overwrites a previously emitted file of the same name.
The emitted file "assets/AIController-CRSl7P9M.css.br" overwrites a previously emitted file of the same name.
The emitted file "assets/CalendarPage-BSwzzYnC.css.br" overwrites a previously emitted file of the same name.
The emitted file "assets/feature-forms-DqM2QONn.js.gz" overwrites a previously emitted file of the same name.
The emitted file "assets/vendor-utils-BvP1mSzu.js.br" overwrites a previously emitted file of the same name.
The emitted file "assets/feature-forms-DqM2QONn.js.br" overwrites a previously emitted file of the same name.
The emitted file "assets/vendor-core-BR9X1Hxb.js.gz" overwrites a previously emitted file of the same name.
The emitted file "assets/feature-calendar-DtYpWni4.js.gz" overwrites a previously emitted file of the same name.
The emitted file "assets/vendor-supabase-D_CmHeyx.js.br" overwrites a previously emitted file of the same name.
The emitted file "assets/ai-markdown-aqfBWAz5.js.br" overwrites a previously emitted file of the same name.
The emitted file "assets/AuthCallbackHandler-X1suh-5q.js.gz" overwrites a previously emitted file of the same name.
The emitted file "assets/AIController-BKQvI3Dv.js.gz" overwrites a previously emitted file of the same name.
The emitted file "assets/AuthCallbackHandler-X1suh-5q.js.br" overwrites a previously emitted file of the same name.
The emitted file "assets/index-B8Sb08_b.js.gz" overwrites a previously emitted file of the same name.
The emitted file "assets/MFAVerifyPage-CQ64sUK0.js.gz" overwrites a previously emitted file of the same name.
The emitted file "assets/index-CNJ84Zll.css.br" overwrites a previously emitted file of the same name.
The emitted file "assets/MFAVerifyPage-CQ64sUK0.js.br" overwrites a previously emitted file of the same name.
The emitted file "assets/ModernAIChat-Cwlal9F9.js.gz" overwrites a previously emitted file of the same name.
The emitted file "assets/feature-calendar-DtYpWni4.js.br" overwrites a previously emitted file of the same name.
The emitted file "assets/CanvasPanel-BRHwgxu1.js.gz" overwrites a previously emitted file of the same name.
The emitted file "assets/ModernAIChat-Cwlal9F9.js.br" overwrites a previously emitted file of the same name.
The emitted file "assets/useAIStore-B5Irv6PO.js.gz" overwrites a previously emitted file of the same name.
The emitted file "assets/CanvasPanel-BRHwgxu1.js.br" overwrites a previously emitted file of the same name.
The emitted file "assets/HomePage-DCYg5evu.js.gz" overwrites a previously emitted file of the same name.
The emitted file "assets/useAIStore-B5Irv6PO.js.br" overwrites a previously emitted file of the same name.
The emitted file "assets/Login-9iXQnOY-.js.gz" overwrites a previously emitted file of the same name.
The emitted file "assets/HomePage-DCYg5evu.js.br" overwrites a previously emitted file of the same name.
The emitted file "assets/Register-BcwaLAPe.js.gz" overwrites a previously emitted file of the same name.
The emitted file "assets/Login-9iXQnOY-.js.br" overwrites a previously emitted file of the same name.
The emitted file "assets/Resources-BkYYEGSf.js.gz" overwrites a previously emitted file of the same name.
The emitted file "assets/Register-BcwaLAPe.js.br" overwrites a previously emitted file of the same name.
The emitted file "assets/Plans-Rwo9ANIE.js.gz" overwrites a previously emitted file of the same name.
The emitted file "assets/Resources-BkYYEGSf.js.br" overwrites a previously emitted file of the same name.
The emitted file "assets/Blog-Db_OqNO6.js.gz" overwrites a previously emitted file of the same name.
The emitted file "assets/Plans-Rwo9ANIE.js.br" overwrites a previously emitted file of the same name.
The emitted file "assets/BlogArticle-Cherjtxp.js.gz" overwrites a previously emitted file of the same name.
The emitted file "assets/useBlogPosts-BvD-vyKE.js.gz" overwrites a previously emitted file of the same name.
The emitted file "assets/BlogArticle-Cherjtxp.js.br" overwrites a previously emitted file of the same name.
The emitted file "assets/Blog-Db_OqNO6.js.br" overwrites a previously emitted file of the same name.
The emitted file "assets/ForgotPassword-B6VyHH2l.js.gz" overwrites a previously emitted file of the same name.
The emitted file "assets/AIController-BKQvI3Dv.js.br" overwrites a previously emitted file of the same name.
The emitted file "assets/useBlogPosts-BvD-vyKE.js.br" overwrites a previously emitted file of the same name.
The emitted file "assets/UpdatePassword-DbNPw8dt.js.gz" overwrites a previously emitted file of the same name.
The emitted file "assets/AuthLayout-DP9sqANM.js.gz" overwrites a previously emitted file of the same name.
The emitted file "assets/Dashboard-Bqu9feP-.js.gz" overwrites a previously emitted file of the same name.
The emitted file "assets/ForgotPassword-B6VyHH2l.js.br" overwrites a previously emitted file of the same name.
The emitted file "assets/UpdatePassword-DbNPw8dt.js.br" overwrites a previously emitted file of the same name.
The emitted file "assets/AuthLayout-DP9sqANM.js.br" overwrites a previously emitted file of the same name.
The emitted file "assets/BrideLoginPage-DQCkuu5U.js.gz" overwrites a previously emitted file of the same name.
The emitted file "assets/BrideDashboardPage-C8BFPd7b.js.gz" overwrites a previously emitted file of the same name.
The emitted file "assets/BrideProtectedRoute-vbO3xV_J.js.gz" overwrites a previously emitted file of the same name.
The emitted file "assets/BrideLoginPage-DQCkuu5U.js.br" overwrites a previously emitted file of the same name.
The emitted file "assets/Dashboard-Bqu9feP-.js.br" overwrites a previously emitted file of the same name.
The emitted file "assets/BrideProtectedRoute-vbO3xV_J.js.br" overwrites a previously emitted file of the same name.
The emitted file "assets/FinancialPage-Cl7rz0Gz.js.gz" overwrites a previously emitted file of the same name.
The emitted file "assets/useMFA-sIT2y1Yc.js.gz" overwrites a previously emitted file of the same name.
The emitted file "assets/AdminDashboard-CxBugQcs.js.gz" overwrites a previously emitted file of the same name.
The emitted file "assets/BrideDashboardPage-C8BFPd7b.js.br" overwrites a previously emitted file of the same name.
The emitted file "assets/useMFA-sIT2y1Yc.js.br" overwrites a previously emitted file of the same name.
The emitted file "assets/FinancialPage-Cl7rz0Gz.js.br" overwrites a previously emitted file of the same name.
The emitted file "assets/ClientsPage-BFZeg3x1.js.gz" overwrites a previously emitted file of the same name.
The emitted file "assets/middleware-BecK8QcD.js.gz" overwrites a previously emitted file of the same name.
The emitted file "assets/validators-CcT6ngB2.js.gz" overwrites a previously emitted file of the same name.
The emitted file "assets/ClientsPage-BFZeg3x1.js.br" overwrites a previously emitted file of the same name.
The emitted file "assets/middleware-BecK8QcD.js.br" overwrites a previously emitted file of the same name.
The emitted file "assets/validators-CcT6ngB2.js.br" overwrites a previously emitted file of the same name.
The emitted file "assets/ClientDetailsPage-BETxDn47.js.gz" overwrites a previously emitted file of the same name.
The emitted file "assets/reportService-DJmhkAlS.js.gz" overwrites a previously emitted file of the same name.
The emitted file "assets/NewProjectWizard-DAexki0I.js.gz" overwrites a previously emitted file of the same name.
The emitted file "assets/reportService-DJmhkAlS.js.br" overwrites a previously emitted file of the same name.
The emitted file "assets/ClientDetailsPage-BETxDn47.js.br" overwrites a previously emitted file of the same name.
The emitted file "assets/empty-state-DRuonEWH.js.gz" overwrites a previously emitted file of the same name.
The emitted file "assets/ProjectDetailsPage-oGAyXXzw.js.gz" overwrites a previously emitted file of the same name.
The emitted file "assets/empty-state-DRuonEWH.js.br" overwrites a previously emitted file of the same name.
The emitted file "assets/vendor-core-BR9X1Hxb.js.br" overwrites a previously emitted file of the same name.
The emitted file "assets/NewProjectWizard-DAexki0I.js.br" overwrites a previously emitted file of the same name.
The emitted file "assets/progress-CeWuO37E.js.gz" overwrites a previously emitted file of the same name.
The emitted file "assets/Settings-CQgCuclm.js.gz" overwrites a previously emitted file of the same name.
The emitted file "assets/useAI-DpDUS8FY.js.gz" overwrites a previously emitted file of the same name.
The emitted file "assets/progress-CeWuO37E.js.br" overwrites a previously emitted file of the same name.
The emitted file "assets/useAI-DpDUS8FY.js.br" overwrites a previously emitted file of the same name.
The emitted file "assets/AdminDashboard-CxBugQcs.js.br" overwrites a previously emitted file of the same name.
The emitted file "assets/Contact-Bono6KUF.js.gz" overwrites a previously emitted file of the same name.
The emitted file "assets/Privacy-CaPnwFVq.js.gz" overwrites a previously emitted file of the same name.
The emitted file "assets/Terms-BqyDQ4lO.js.gz" overwrites a previously emitted file of the same name.
The emitted file "assets/Contact-Bono6KUF.js.br" overwrites a previously emitted file of the same name.
The emitted file "assets/Privacy-CaPnwFVq.js.br" overwrites a previously emitted file of the same name.
The emitted file "assets/ProjectDetailsPage-oGAyXXzw.js.br" overwrites a previously emitted file of the same name.
The emitted file "assets/AssistantsPage-Cp5cgqRm.js.gz" overwrites a previously emitted file of the same name.
The emitted file "assets/table-Bcs1N-hn.js.gz" overwrites a previously emitted file of the same name.
The emitted file "assets/Services-CQ4Y_t1I.js.gz" overwrites a previously emitted file of the same name.
The emitted file "assets/Terms-BqyDQ4lO.js.br" overwrites a previously emitted file of the same name.
The emitted file "assets/table-Bcs1N-hn.js.br" overwrites a previously emitted file of the same name.
The emitted file "assets/Services-CQ4Y_t1I.js.br" overwrites a previously emitted file of the same name.
The emitted file "assets/Marketing-lPKxjxji.js.gz" overwrites a previously emitted file of the same name.
The emitted file "assets/Contracts-BooVdThj.js.gz" overwrites a previously emitted file of the same name.
The emitted file "assets/upload-rsWjRnWI.js.gz" overwrites a previously emitted file of the same name.
The emitted file "assets/AssistantsPage-Cp5cgqRm.js.br" overwrites a previously emitted file of the same name.
The emitted file "assets/Settings-CQgCuclm.js.br" overwrites a previously emitted file of the same name.
The emitted file "assets/upload-rsWjRnWI.js.br" overwrites a previously emitted file of the same name.
The emitted file "assets/badge-CQ564yI_.js.gz" overwrites a previously emitted file of the same name.
The emitted file "assets/card-BREsXZRF.js.gz" overwrites a previously emitted file of the same name.
The emitted file "assets/checkbox-DS3jdi0I.js.gz" overwrites a previously emitted file of the same name.
The emitted file "assets/badge-CQ564yI_.js.br" overwrites a previously emitted file of the same name.
The emitted file "assets/card-BREsXZRF.js.br" overwrites a previously emitted file of the same name.
The emitted file "assets/Marketing-lPKxjxji.js.br" overwrites a previously emitted file of the same name.
The emitted file "assets/label-DFqH_tKl.js.gz" overwrites a previously emitted file of the same name.
The emitted file "assets/select-BrqJgXID.js.gz" overwrites a previously emitted file of the same name.
The emitted file "assets/index-BzYpBWVZ.js.gz" overwrites a previously emitted file of the same name.
The emitted file "assets/checkbox-DS3jdi0I.js.br" overwrites a previously emitted file of the same name.
The emitted file "assets/label-DFqH_tKl.js.br" overwrites a previously emitted file of the same name.
The emitted file "assets/index-BzYpBWVZ.js.br" overwrites a previously emitted file of the same name.
The emitted file "assets/SEOHead-BiAGDd1-.js.gz" overwrites a previously emitted file of the same name.
The emitted file "assets/dialog-Ck3VCV2I.js.gz" overwrites a previously emitted file of the same name.
The emitted file "assets/SEOHead-BiAGDd1-.js.br" overwrites a previously emitted file of the same name.
The emitted file "assets/dialog-Ck3VCV2I.js.br" overwrites a previously emitted file of the same name.
The emitted file "assets/tabs-BEK1jNq3.js.gz" overwrites a previously emitted file of the same name.
The emitted file "assets/alert-DjTCmVZV.js.gz" overwrites a previously emitted file of the same name.
The emitted file "assets/Contracts-BooVdThj.js.br" overwrites a previously emitted file of the same name.
The emitted file "assets/switch-VMEkUfV0.js.gz" overwrites a previously emitted file of the same name.
The emitted file "assets/alert-DjTCmVZV.js.br" overwrites a previously emitted file of the same name.
The emitted file "assets/textarea-DF1xyBEk.js.gz" overwrites a previously emitted file of the same name.
The emitted file "assets/select-BrqJgXID.js.br" overwrites a previously emitted file of the same name.
The emitted file "assets/SafeHTML-C_L8Xaqb.js.gz" overwrites a previously emitted file of the same name.
The emitted file "assets/tabs-BEK1jNq3.js.br" overwrites a previously emitted file of the same name.
The emitted file "assets/sanitize-BRQ5Zr0a.js.gz" overwrites a previously emitted file of the same name.
The emitted file "assets/textarea-DF1xyBEk.js.br" overwrites a previously emitted file of the same name.
The emitted file "assets/switch-VMEkUfV0.js.br" overwrites a previously emitted file of the same name.
The emitted file "assets/SafeHTML-C_L8Xaqb.js.br" overwrites a previously emitted file of the same name.
The emitted file "assets/purify.es-CsrAfxOD.js.gz" overwrites a previously emitted file of the same name.
The emitted file "assets/error-handler-DGW3sR79.js.gz" overwrites a previously emitted file of the same name.
The emitted file "assets/sanitize-BRQ5Zr0a.js.br" overwrites a previously emitted file of the same name.
The emitted file "assets/pt-BR-BcCl0GMU.js.gz" overwrites a previously emitted file of the same name.
The emitted file "assets/PieChart-Dz-47wMP.js.gz" overwrites a previously emitted file of the same name.
The emitted file "assets/error-handler-DGW3sR79.js.br" overwrites a previously emitted file of the same name.
The emitted file "assets/pt-BR-BcCl0GMU.js.br" overwrites a previously emitted file of the same name.
The emitted file "assets/index-C7yKKq-w.js.gz" overwrites a previously emitted file of the same name.
The emitted file "assets/index-CAn-oE-D.js.gz" overwrites a previously emitted file of the same name.
The emitted file "assets/index-C7yKKq-w.js.br" overwrites a previously emitted file of the same name.
The emitted file "assets/generateCategoricalChart-C57JPdEs.js.gz" overwrites a previously emitted file of the same name.
The emitted file "assets/purify.es-CsrAfxOD.js.br" overwrites a previously emitted file of the same name.
The emitted file "assets/index-CAn-oE-D.js.br" overwrites a previously emitted file of the same name.
The emitted file "assets/date-utils-BBVfUGLk.js.gz" overwrites a previously emitted file of the same name.
The emitted file "assets/BarChart-CeWjaTwA.js.gz" overwrites a previously emitted file of the same name.
The emitted file "assets/PieChart-Dz-47wMP.js.br" overwrites a previously emitted file of the same name.
The emitted file "assets/date-utils-BBVfUGLk.js.br" overwrites a previously emitted file of the same name.
The emitted file "assets/MetricCard-BjXKIsTV.js.gz" overwrites a previously emitted file of the same name.
The emitted file "assets/dropdown-menu-CdvBAI3n.js.gz" overwrites a previously emitted file of the same name.
The emitted file "assets/MetricCard-BjXKIsTV.js.br" overwrites a previously emitted file of the same name.
The emitted file "assets/dropdown-menu-CdvBAI3n.js.br" overwrites a previously emitted file of the same name.
The emitted file "assets/calendar-B2R-nLIc.js.gz" overwrites a previously emitted file of the same name.
The emitted file "assets/jspdf.es.min-BhisRUYq.js.gz" overwrites a previously emitted file of the same name.
The emitted file "assets/BarChart-CeWjaTwA.js.br" overwrites a previously emitted file of the same name.
The emitted file "assets/queryKeys-hiAhjbZY.js.gz" overwrites a previously emitted file of the same name.
The emitted file "assets/calendar-B2R-nLIc.js.br" overwrites a previously emitted file of the same name.
The emitted file "assets/WhatsAppButtons-BfsYRy5m.js.gz" overwrites a previously emitted file of the same name.
The emitted file "assets/queryKeys-hiAhjbZY.js.br" overwrites a previously emitted file of the same name.
The emitted file "assets/WhatsAppButtons-BfsYRy5m.js.br" overwrites a previously emitted file of the same name.
The emitted file "assets/_commonjs-dynamic-modules-TDtrdbi3.js.gz" overwrites a previously emitted file of the same name.
The emitted file "assets/PostScheduler-BwzD92NX.js.gz" overwrites a previously emitted file of the same name.
The emitted file "assets/_commonjs-dynamic-modules-TDtrdbi3.js.br" overwrites a previously emitted file of the same name.
The emitted file "assets/PostScheduler-BwzD92NX.js.br" overwrites a previously emitted file of the same name.
The emitted file "assets/confetti.module-C_1cc0iU.js.gz" overwrites a previously emitted file of the same name.
The emitted file "assets/action-buttons-DF85SHGI.js.gz" overwrites a previously emitted file of the same name.
The emitted file "assets/confetti.module-C_1cc0iU.js.br" overwrites a previously emitted file of the same name.
The emitted file "assets/action-buttons-DF85SHGI.js.br" overwrites a previously emitted file of the same name.
The emitted file "assets/scroll-area-DGJ0mIKb.js.gz" overwrites a previously emitted file of the same name.
The emitted file "assets/scroll-area-DGJ0mIKb.js.br" overwrites a previously emitted file of the same name.
The emitted file "assets/ProjectContract-DOu8Bhbb.js.gz" overwrites a previously emitted file of the same name.
The emitted file "assets/SignatureModal-BAw_PP4O.js.gz" overwrites a previously emitted file of the same name.
The emitted file "assets/ProjectContract-DOu8Bhbb.js.br" overwrites a previously emitted file of the same name.
The emitted file "assets/NotFound-Hxb1VeZG.js.gz" overwrites a previously emitted file of the same name.
The emitted file "assets/NotFound-Hxb1VeZG.js.br" overwrites a previously emitted file of the same name.
The emitted file "assets/ai-engine-Dd_81R61.js.gz" overwrites a previously emitted file of the same name.
The emitted file "assets/Refund-BNRLSoo3.js.gz" overwrites a previously emitted file of the same name.
The emitted file "assets/Refund-BNRLSoo3.js.br" overwrites a previously emitted file of the same name.
The emitted file "assets/index-B8Sb08_b.js.br" overwrites a previously emitted file of the same name.
The emitted file "assets/Security-CdZmMaw9.js.gz" overwrites a previously emitted file of the same name.
The emitted file "assets/Cookies-Di-rLy4V.js.gz" overwrites a previously emitted file of the same name.
The emitted file "assets/Security-CdZmMaw9.js.br" overwrites a previously emitted file of the same name.
The emitted file "assets/Cookies-Di-rLy4V.js.br" overwrites a previously emitted file of the same name.
The emitted file "assets/react-pdf.browser-PpjpnoT_.js.gz" overwrites a previously emitted file of the same name.
The emitted file "assets/generateCategoricalChart-C57JPdEs.js.br" overwrites a previously emitted file of the same name.
The emitted file "assets/DPA-jNgn6w3e.js.gz" overwrites a previously emitted file of the same name.
The emitted file "assets/StudioCalendarPage-SgSNf8Wj.js.gz" overwrites a previously emitted file of the same name.
The emitted file "assets/PublicBooking-C6lcDFqd.js.gz" overwrites a previously emitted file of the same name.
The emitted file "assets/DPA-jNgn6w3e.js.br" overwrites a previously emitted file of the same name.
The emitted file "assets/StudioCalendarPage-SgSNf8Wj.js.br" overwrites a previously emitted file of the same name.
The emitted file "assets/PublicBooking-C6lcDFqd.js.br" overwrites a previously emitted file of the same name.
The emitted file "assets/Analytics-Biu61PRj.js.gz" overwrites a previously emitted file of the same name.
The emitted file "assets/AcceptInvitePage-CTMT0UP8.js.gz" overwrites a previously emitted file of the same name.
The emitted file "assets/AssistantDashboard-BuWRMz3j.js.gz" overwrites a previously emitted file of the same name.
The emitted file "assets/Analytics-Biu61PRj.js.br" overwrites a previously emitted file of the same name.
The emitted file "assets/jspdf.es.min-BhisRUYq.js.br" overwrites a previously emitted file of the same name.
The emitted file "assets/AcceptInvitePage-CTMT0UP8.js.br" overwrites a previously emitted file of the same name.
The emitted file "assets/AssistantDashboard-BuWRMz3j.js.br" overwrites a previously emitted file of the same name.
The emitted file "assets/useRole-CP_moiHn.js.gz" overwrites a previously emitted file of the same name.
The emitted file "assets/AssistantLayout-_-C-06ZQ.js.gz" overwrites a previously emitted file of the same name.
The emitted file "assets/UpgradePage-C4PS86Ws.js.gz" overwrites a previously emitted file of the same name.
The emitted file "assets/UpgradeSuccessPage-DGVqErhV.js.gz" overwrites a previously emitted file of the same name.
The emitted file "assets/useRole-CP_moiHn.js.br" overwrites a previously emitted file of the same name.
The emitted file "assets/AssistantLayout-_-C-06ZQ.js.br" overwrites a previously emitted file of the same name.
The emitted file "assets/UpgradePage-C4PS86Ws.js.br" overwrites a previously emitted file of the same name.
The emitted file "assets/UpgradeSuccessPage-DGVqErhV.js.br" overwrites a previously emitted file of the same name.
The emitted file "assets/UpgradeFailurePage-Bha3e7gw.js.gz" overwrites a previously emitted file of the same name.
The emitted file "assets/UpgradePendingPage-DU-idDDw.js.gz" overwrites a previously emitted file of the same name.
The emitted file "assets/CalendarPage-Bjf69ZxA.js.gz" overwrites a previously emitted file of the same name.
The emitted file "assets/GoogleCalendarCallback-DZeDcoXq.js.gz" overwrites a previously emitted file of the same name.
The emitted file "assets/UpgradeFailurePage-Bha3e7gw.js.br" overwrites a previously emitted file of the same name.
The emitted file "assets/UpgradePendingPage-DU-idDDw.js.br" overwrites a previously emitted file of the same name.
The emitted file "assets/GoogleCalendarCallback-DZeDcoXq.js.br" overwrites a previously emitted file of the same name.
The emitted file "assets/CheckoutReturn-8r0umkee.js.gz" overwrites a previously emitted file of the same name.
The emitted file "assets/BillingPage-Cd6Akj7W.js.gz" overwrites a previously emitted file of the same name.
The emitted file "assets/SignContract-Dj7-TZOL.js.gz" overwrites a previously emitted file of the same name.
The emitted file "assets/CheckoutReturn-8r0umkee.js.br" overwrites a previously emitted file of the same name.
The emitted file "assets/CalendarPage-Bjf69ZxA.js.br" overwrites a previously emitted file of the same name.
The emitted file "assets/BillingPage-Cd6Akj7W.js.br" overwrites a previously emitted file of the same name.
The emitted file "assets/SignatureModal-BAw_PP4O.js.br" overwrites a previously emitted file of the same name.
The emitted file "assets/LeaveReview-DojZI4p8.js.gz" overwrites a previously emitted file of the same name.
The emitted file "assets/Microsite-fyVuE2SV.js.gz" overwrites a previously emitted file of the same name.
The emitted file "assets/MicrositeEditor-DrHfzdtK.js.gz" overwrites a previously emitted file of the same name.
The emitted file "assets/SignContract-Dj7-TZOL.js.br" overwrites a previously emitted file of the same name.
The emitted file "assets/LeaveReview-DojZI4p8.js.br" overwrites a previously emitted file of the same name.
The emitted file "assets/SalesPipeline-DHu0Vea3.js.gz" overwrites a previously emitted file of the same name.
The emitted file "assets/Microsite-fyVuE2SV.js.br" overwrites a previously emitted file of the same name.
The emitted file "assets/Integrations-Bia_iPOd.js.gz" overwrites a previously emitted file of the same name.
The emitted file "assets/AssistantQuickLogin-BsB4qOdu.js.gz" overwrites a previously emitted file of the same name.
The emitted file "assets/MicrositeEditor-DrHfzdtK.js.br" overwrites a previously emitted file of the same name.
The emitted file "assets/AssistantFreeDashboard-mw7H6Ed5.js.gz" overwrites a previously emitted file of the same name.
The emitted file "assets/Integrations-Bia_iPOd.js.br" overwrites a previously emitted file of the same name.
The emitted file "assets/AssistantQuickLogin-BsB4qOdu.js.br" overwrites a previously emitted file of the same name.
The emitted file "assets/StudioAvailabilityPage-uej1cVFJ.js.gz" overwrites a previously emitted file of the same name.
The emitted file "assets/AssistantFreeDashboard-mw7H6Ed5.js.br" overwrites a previously emitted file of the same name.
The emitted file "assets/workbox-window.prod.es5-BIl4cyR9.js.gz" overwrites a previously emitted file of the same name.
The emitted file "assets/OnboardingWizard-DENkc7n_.js.gz" overwrites a previously emitted file of the same name.
The emitted file "assets/StudioAvailabilityPage-uej1cVFJ.js.br" overwrites a previously emitted file of the same name.
The emitted file "assets/workbox-window.prod.es5-BIl4cyR9.js.br" overwrites a previously emitted file of the same name.
The emitted file "assets/OnboardingWizard-DENkc7n_.js.br" overwrites a previously emitted file of the same name.
The emitted file "assets/html2canvas.esm-DmLBsbfV.js.gz" overwrites a previously emitted file of the same name.
The emitted file "assets/RevenueChart-BDmYLucY.js.gz" overwrites a previously emitted file of the same name.
The emitted file "assets/index.es-D-7fuLTr.js.gz" overwrites a previously emitted file of the same name.
The emitted file "assets/RevenueChart-BDmYLucY.js.br" overwrites a previously emitted file of the same name.
The emitted file "assets/SalesPipeline-DHu0Vea3.js.br" overwrites a previously emitted file of the same name.
The emitted file "index.html.gz" overwrites a previously emitted file of the same name.
The emitted file "assets/index.es-D-7fuLTr.js.br" overwrites a previously emitted file of the same name.
The emitted file "index.html.br" overwrites a previously emitted file of the same name.
The emitted file "assets/exceljs.min-BPut69F1.js.gz" overwrites a previously emitted file of the same name.
The emitted file "assets/html2canvas.esm-DmLBsbfV.js.br" overwrites a previously emitted file of the same name.
The emitted file "assets/exceljs.min-BPut69F1.js.br" overwrites a previously emitted file of the same name.
The emitted file "assets/react-pdf.browser-PpjpnoT_.js.br" overwrites a previously emitted file of the same name.
The emitted file "assets/ai-engine-Dd_81R61.js.br" overwrites a previously emitted file of the same name.
computing gzip size...
[2mdist/[22m[32massets/queryKeys-hiAhjbZY.js.br                  [39m[1m[2m    0.14 kB[22m[1m[22m
[2mdist/[22m[32massets/_commonjs-dynamic-modules-TDtrdbi3.js.br  [39m[1m[2m    0.15 kB[22m[1m[22m
[2mdist/[22m[32massets/index-BzYpBWVZ.js.br                      [39m[1m[2m    0.16 kB[22m[1m[22m
[2mdist/[22m[32massets/useAI-DpDUS8FY.js.br                      [39m[1m[2m    0.16 kB[22m[1m[22m
[2mdist/[22m[32massets/SafeHTML-C_L8Xaqb.js.br                   [39m[1m[2m    0.17 kB[22m[1m[22m
[2mdist/[22m[32massets/queryKeys-hiAhjbZY.js.gz                  [39m[1m[2m    0.17 kB[22m[1m[22m
[2mdist/[22m[32massets/index-BzYpBWVZ.js.gz                      [39m[1m[2m    0.18 kB[22m[1m[22m
[2mdist/[22m[32massets/useAI-DpDUS8FY.js.gz                      [39m[1m[2m    0.19 kB[22m[1m[22m
[2mdist/[22m[32massets/_commonjs-dynamic-modules-TDtrdbi3.js.gz  [39m[1m[2m    0.19 kB[22m[1m[22m
[2mdist/[22m[32massets/SafeHTML-C_L8Xaqb.js.gz                   [39m[1m[2m    0.20 kB[22m[1m[22m
[2mdist/[22m[32massets/sanitize-BRQ5Zr0a.js.br                   [39m[1m[2m    0.22 kB[22m[1m[22m
[2mdist/[22m[32massets/sanitize-BRQ5Zr0a.js.gz                   [39m[1m[2m    0.27 kB[22m[1m[22m
[2mdist/[22m[32massets/textarea-DF1xyBEk.js.br                   [39m[1m[2m    0.29 kB[22m[1m[22m
[2mdist/[22m[32massets/badge-CQ564yI_.js.br                      [39m[1m[2m    0.32 kB[22m[1m[22m
[2mdist/[22m[32massets/upload-rsWjRnWI.js.br                     [39m[1m[2m    0.35 kB[22m[1m[22m
[2mdist/[22m[32massets/textarea-DF1xyBEk.js.gz                   [39m[1m[2m    0.35 kB[22m[1m[22m
[2mdist/[22m[32massets/action-buttons-DF85SHGI.js.br             [39m[1m[2m    0.36 kB[22m[1m[22m
[2mdist/[22m[32massets/card-BREsXZRF.js.br                       [39m[1m[2m    0.36 kB[22m[1m[22m
[2mdist/[22m[32massets/useRole-CP_moiHn.js.br                    [39m[1m[2m    0.36 kB[22m[1m[22m
[2mdist/[22m[32massets/upload-rsWjRnWI.js.gz                     [39m[1m[2m    0.38 kB[22m[1m[22m
[2mdist/[22m[32massets/badge-CQ564yI_.js.gz                      [39m[1m[2m    0.39 kB[22m[1m[22m
[2mdist/[22m[32massets/empty-state-DRuonEWH.js.br                [39m[1m[2m    0.39 kB[22m[1m[22m
[2mdist/[22m[32massets/useRole-CP_moiHn.js.gz                    [39m[1m[2m    0.41 kB[22m[1m[22m
[2mdist/[22m[32massets/alert-DjTCmVZV.js.br                      [39m[1m[2m    0.41 kB[22m[1m[22m
[2mdist/[22m[32massets/card-BREsXZRF.js.gz                       [39m[1m[2m    0.43 kB[22m[1m[22m
[2mdist/[22m[32massets/useBlogPosts-BvD-vyKE.js.br               [39m[1m[2m    0.43 kB[22m[1m[22m
[2mdist/[22m[32massets/action-buttons-DF85SHGI.js.gz             [39m[1m[2m    0.44 kB[22m[1m[22m
[2mdist/[22m[32massets/useMFA-sIT2y1Yc.js.br                     [39m[1m[2m    0.46 kB[22m[1m[22m
[2mdist/[22m[32massets/empty-state-DRuonEWH.js.gz                [39m[1m[2m    0.46 kB[22m[1m[22m
[2mdist/[22m[32massets/table-Bcs1N-hn.js.br                      [39m[1m[2m    0.48 kB[22m[1m[22m
[2mdist/[22m[32massets/AssistantLayout-_-C-06ZQ.js.br            [39m[1m[2m    0.49 kB[22m[1m[22m
[2mdist/[22m[32massets/alert-DjTCmVZV.js.gz                      [39m[1m[2m    0.49 kB[22m[1m[22m
[2mdist/[22m[32massets/label-DFqH_tKl.js.br                      [39m[1m[2m    0.49 kB[22m[1m[22m
[2mdist/[22m[32massets/useBlogPosts-BvD-vyKE.js.gz               [39m[1m[2m    0.50 kB[22m[1m[22m
[2mdist/[22m[32massets/NotFound-Hxb1VeZG.js.br                   [39m[1m[2m    0.52 kB[22m[1m[22m
[2mdist/[22m[32massets/table-Bcs1N-hn.js.gz                      [39m[1m[2m    0.54 kB[22m[1m[22m
[2mdist/[22m[32massets/useMFA-sIT2y1Yc.js.gz                     [39m[1m[2m    0.54 kB[22m[1m[22m
[2mdist/[22m[32massets/BrideProtectedRoute-vbO3xV_J.js.br        [39m[1m[2m    0.54 kB[22m[1m[22m
[2mdist/[22m[32massets/error-handler-DGW3sR79.js.br              [39m[1m[2m    0.54 kB[22m[1m[22m
[2mdist/[22m[32massets/AssistantLayout-_-C-06ZQ.js.gz            [39m[1m[2m    0.57 kB[22m[1m[22m
[2mdist/[22m[32massets/label-DFqH_tKl.js.gz                      [39m[1m[2m    0.57 kB[22m[1m[22m
[2mdist/[22m[32massets/MetricCard-BjXKIsTV.js.br                 [39m[1m[2m    0.57 kB[22m[1m[22m
[2mdist/[22m[32massets/AIController-CRSl7P9M.css.br              [39m[1m[2m    0.59 kB[22m[1m[22m
[2mdist/[22m[32massets/NotFound-Hxb1VeZG.js.gz                   [39m[1m[2m    0.60 kB[22m[1m[22m
[2mdist/[22m[32massets/useAIStore-B5Irv6PO.js.br                 [39m[1m[2m    0.62 kB[22m[1m[22m
[2mdist/[22m[32massets/BrideProtectedRoute-vbO3xV_J.js.gz        [39m[1m[2m    0.63 kB[22m[1m[22m
[2mdist/[22m[32massets/error-handler-DGW3sR79.js.gz              [39m[1m[2m    0.65 kB[22m[1m[22m
[2mdist/[22m[32massets/Integrations-Bia_iPOd.js.br               [39m[1m[2m    0.65 kB[22m[1m[22m
[2mdist/[22m[32massets/MetricCard-BjXKIsTV.js.gz                 [39m[1m[2m    0.66 kB[22m[1m[22m
[2mdist/[22m[32massets/useAIStore-B5Irv6PO.js.gz                 [39m[1m[2m    0.70 kB[22m[1m[22m
[2mdist/[22m[32massets/AIController-CRSl7P9M.css.gz              [39m[1m[2m    0.72 kB[22m[1m[22m
[2mdist/[22m[32massets/dialog-Ck3VCV2I.js.br                     [39m[1m[2m    0.73 kB[22m[1m[22m
[2mdist/[22m[32massets/Integrations-Bia_iPOd.js.gz               [39m[1m[2m    0.73 kB[22m[1m[22m
[2mdist/[22m[32massets/UpdatePassword-DbNPw8dt.js.br             [39m[1m[2m    0.75 kB[22m[1m[22m
[2mdist/[22m[32massets/middleware-BecK8QcD.js.br                 [39m[1m[2m    0.82 kB[22m[1m[22m
[2mdist/[22m[32massets/UpdatePassword-DbNPw8dt.js.gz             [39m[1m[2m    0.85 kB[22m[1m[22m
[2mdist/[22m[32massets/dialog-Ck3VCV2I.js.gz                     [39m[1m[2m    0.85 kB[22m[1m[22m
[2mdist/[22m[32massets/UpgradePendingPage-DU-idDDw.js.br         [39m[1m[2m    0.85 kB[22m[1m[22m
[2mdist/[22m[32massets/GoogleCalendarCallback-DZeDcoXq.js.br     [39m[1m[2m    0.87 kB[22m[1m[22m
[2mdist/[22m[32massets/UpgradeFailurePage-Bha3e7gw.js.br         [39m[1m[2m    0.88 kB[22m[1m[22m
[2mdist/[22m[32massets/middleware-BecK8QcD.js.gz                 [39m[1m[2m    0.88 kB[22m[1m[22m
[2mdist/[22m[32massets/dropdown-menu-CdvBAI3n.js.br              [39m[1m[2m    0.89 kB[22m[1m[22m
[2mdist/[22m[32massets/UpgradeSuccessPage-DGVqErhV.js.br         [39m[1m[2m    0.90 kB[22m[1m[22m
[2mdist/[22m[32massets/RevenueChart-BDmYLucY.js.br               [39m[1m[2m    0.93 kB[22m[1m[22m
[2mdist/[22m[32massets/AuthLayout-DP9sqANM.js.br                 [39m[1m[2m    0.94 kB[22m[1m[22m
[2mdist/[22m[32massets/BlogArticle-Cherjtxp.js.br                [39m[1m[2m    0.95 kB[22m[1m[22m
[2mdist/[22m[32massets/UpgradeFailurePage-Bha3e7gw.js.gz         [39m[1m[2m    0.96 kB[22m[1m[22m
[2mdist/[22m[32massets/UpgradePendingPage-DU-idDDw.js.gz         [39m[1m[2m    0.96 kB[22m[1m[22m
[2mdist/[22m[32massets/CheckoutReturn-8r0umkee.js.br             [39m[1m[2m    0.96 kB[22m[1m[22m
[2mdist/[22m[32massets/GoogleCalendarCallback-DZeDcoXq.js.gz     [39m[1m[2m    1.00 kB[22m[1m[22m
[2mdist/[22m[32massets/UpgradeSuccessPage-DGVqErhV.js.gz         [39m[1m[2m    1.01 kB[22m[1m[22m
[2mdist/[22m[32massets/dropdown-menu-CdvBAI3n.js.gz              [39m[1m[2m    1.04 kB[22m[1m[22m
[2mdist/[22m[32massets/AuthLayout-DP9sqANM.js.gz                 [39m[1m[2m    1.06 kB[22m[1m[22m
[2mdist/[22m[32massets/RevenueChart-BDmYLucY.js.gz               [39m[1m[2m    1.08 kB[22m[1m[22m
[2mdist/[22m[32massets/CheckoutReturn-8r0umkee.js.gz             [39m[1m[2m    1.08 kB[22m[1m[22m
[2mdist/[22m[32massets/switch-VMEkUfV0.js.br                     [39m[1m[2m    1.09 kB[22m[1m[22m
[2mdist/[22m[32massets/BlogArticle-Cherjtxp.js.gz                [39m[1m[2m    1.10 kB[22m[1m[22m
[2mdist/[22m[32massets/ForgotPassword-B6VyHH2l.js.br             [39m[1m[2m    1.12 kB[22m[1m[22m
[2mdist/[22m[32mmanifest.webmanifest                             [39m[1m[2m    1.14 kB[22m[1m[22m
[2mdist/[22m[32massets/MFAVerifyPage-CQ64sUK0.js.br              [39m[1m[2m    1.20 kB[22m[1m[22m
[2mdist/[22m[32massets/tabs-BEK1jNq3.js.br                       [39m[1m[2m    1.20 kB[22m[1m[22m
[2mdist/[22m[32massets/progress-CeWuO37E.js.br                   [39m[1m[2m    1.22 kB[22m[1m[22m
[2mdist/[22m[32massets/switch-VMEkUfV0.js.gz                     [39m[1m[2m    1.26 kB[22m[1m[22m
[2mdist/[22m[32massets/ForgotPassword-B6VyHH2l.js.gz             [39m[1m[2m    1.28 kB[22m[1m[22m
[2mdist/[22m[32massets/progress-CeWuO37E.js.gz                   [39m[1m[2m    1.34 kB[22m[1m[22m
[2mdist/[22m[32massets/MFAVerifyPage-CQ64sUK0.js.gz              [39m[1m[2m    1.35 kB[22m[1m[22m
[2mdist/[22m[32massets/tabs-BEK1jNq3.js.gz                       [39m[1m[2m    1.37 kB[22m[1m[22m
[2mdist/[22m[32massets/Cookies-Di-rLy4V.js.br                    [39m[1m[2m    1.38 kB[22m[1m[22m
[2mdist/[22m[32massets/AuthCallbackHandler-X1suh-5q.js.br        [39m[1m[2m    1.39 kB[22m[1m[22m
[2mdist/[22m[32massets/Terms-BqyDQ4lO.js.br                      [39m[1m[2m    1.47 kB[22m[1m[22m
[2mdist/[22m[32massets/Login-9iXQnOY-.js.br                      [39m[1m[2m    1.47 kB[22m[1m[22m
[2mdist/[22m[32massets/checkbox-DS3jdi0I.js.br                   [39m[1m[2m    1.51 kB[22m[1m[22m
[2mdist/[22m[32mindex.html.br                                    [39m[1m[2m    1.52 kB[22m[1m[22m
[2mdist/[22m[32massets/SEOHead-BiAGDd1-.js.br                    [39m[1m[2m    1.53 kB[22m[1m[22m
[2mdist/[22m[32massets/WhatsAppButtons-BfsYRy5m.js.br            [39m[1m[2m    1.53 kB[22m[1m[22m
[2mdist/[22m[32massets/Cookies-Di-rLy4V.js.gz                    [39m[1m[2m    1.56 kB[22m[1m[22m
[2mdist/[22m[32massets/BrideLoginPage-DQCkuu5U.js.br             [39m[1m[2m    1.57 kB[22m[1m[22m
[2mdist/[22m[32massets/Security-CdZmMaw9.js.br                   [39m[1m[2m    1.58 kB[22m[1m[22m
[2mdist/[22m[32massets/AcceptInvitePage-CTMT0UP8.js.br           [39m[1m[2m    1.59 kB[22m[1m[22m
[2mdist/[22m[32massets/AuthCallbackHandler-X1suh-5q.js.gz        [39m[1m[2m    1.59 kB[22m[1m[22m
[2mdist/[22m[32massets/DPA-jNgn6w3e.js.br                        [39m[1m[2m    1.59 kB[22m[1m[22m
[2mdist/[22m[32massets/validators-CcT6ngB2.js.br                 [39m[1m[2m    1.62 kB[22m[1m[22m
[2mdist/[22m[32massets/Terms-BqyDQ4lO.js.gz                      [39m[1m[2m    1.64 kB[22m[1m[22m
[2mdist/[22m[32massets/Login-9iXQnOY-.js.gz                      [39m[1m[2m    1.69 kB[22m[1m[22m
[2mdist/[22m[32massets/checkbox-DS3jdi0I.js.gz                   [39m[1m[2m    1.72 kB[22m[1m[22m
[2mdist/[22m[32massets/WhatsAppButtons-BfsYRy5m.js.gz            [39m[1m[2m    1.73 kB[22m[1m[22m
[2mdist/[22m[32massets/Security-CdZmMaw9.js.gz                   [39m[1m[2m    1.76 kB[22m[1m[22m
[2mdist/[22m[32massets/Refund-BNRLSoo3.js.br                     [39m[1m[2m    1.76 kB[22m[1m[22m
[2mdist/[22m[32massets/StudioAvailabilityPage-uej1cVFJ.js.br     [39m[1m[2m    1.78 kB[22m[1m[22m
[2mdist/[22m[32massets/DPA-jNgn6w3e.js.gz                        [39m[1m[2m    1.79 kB[22m[1m[22m
[2mdist/[22m[32massets/validators-CcT6ngB2.js.gz                 [39m[1m[2m    1.79 kB[22m[1m[22m
[2mdist/[22m[32massets/AcceptInvitePage-CTMT0UP8.js.gz           [39m[1m[2m    1.79 kB[22m[1m[22m
[2mdist/[22m[32massets/BrideLoginPage-DQCkuu5U.js.gz             [39m[1m[2m    1.80 kB[22m[1m[22m
[2mdist/[22m[32massets/SEOHead-BiAGDd1-.js.gz                    [39m[1m[2m    1.82 kB[22m[1m[22m
[2mdist/[22m[32massets/index-C7yKKq-w.js.br                      [39m[1m[2m    1.88 kB[22m[1m[22m
[2mdist/[22m[32massets/pt-BR-BcCl0GMU.js.br                      [39m[1m[2m    1.89 kB[22m[1m[22m
[2mdist/[22m[32massets/Register-BcwaLAPe.js.br                   [39m[1m[2m    1.89 kB[22m[1m[22m
[2mdist/[22m[32mindex.html.gz                                    [39m[1m[2m    1.90 kB[22m[1m[22m
[2mdist/[22m[32massets/Blog-Db_OqNO6.js.br                       [39m[1m[2m    1.92 kB[22m[1m[22m
[2mdist/[22m[32massets/Contact-Bono6KUF.js.br                    [39m[1m[2m    1.94 kB[22m[1m[22m
[2mdist/[22m[32massets/Refund-BNRLSoo3.js.gz                     [39m[1m[2m    1.96 kB[22m[1m[22m
[2mdist/[22m[32massets/AssistantQuickLogin-BsB4qOdu.js.br        [39m[1m[2m    1.97 kB[22m[1m[22m
[2mdist/[22m[32massets/StudioAvailabilityPage-uej1cVFJ.js.gz     [39m[1m[2m    1.98 kB[22m[1m[22m
[2mdist/[22m[32massets/workbox-window.prod.es5-BIl4cyR9.js.br    [39m[1m[2m    2.09 kB[22m[1m[22m
[2mdist/[22m[32massets/pt-BR-BcCl0GMU.js.gz                      [39m[1m[2m    2.10 kB[22m[1m[22m
[2mdist/[22m[32massets/index-C7yKKq-w.js.gz                      [39m[1m[2m    2.11 kB[22m[1m[22m
[2mdist/[22m[32massets/CalendarPage-BSwzzYnC.css.br              [39m[1m[2m    2.12 kB[22m[1m[22m
[2mdist/[22m[32massets/CanvasPanel-BRHwgxu1.js.br                [39m[1m[2m    2.15 kB[22m[1m[22m
[2mdist/[22m[32massets/Blog-Db_OqNO6.js.gz                       [39m[1m[2m    2.15 kB[22m[1m[22m
[2mdist/[22m[32massets/Register-BcwaLAPe.js.gz                   [39m[1m[2m    2.16 kB[22m[1m[22m
[2mdist/[22m[32massets/Contact-Bono6KUF.js.gz                    [39m[1m[2m    2.22 kB[22m[1m[22m
[2mdist/[22m[32massets/AssistantQuickLogin-BsB4qOdu.js.gz        [39m[1m[2m    2.24 kB[22m[1m[22m
[2mdist/[22m[32massets/LeaveReview-DojZI4p8.js.br                [39m[1m[2m    2.28 kB[22m[1m[22m
[2mdist/[22m[32massets/workbox-window.prod.es5-BIl4cyR9.js.gz    [39m[1m[2m    2.37 kB[22m[1m[22m
[2mdist/[22m[32massets/CanvasPanel-BRHwgxu1.js.gz                [39m[1m[2m    2.39 kB[22m[1m[22m
[2mdist/[22m[32massets/CalendarPage-BSwzzYnC.css.gz              [39m[1m[2m    2.48 kB[22m[1m[22m
[2mdist/[22m[32massets/Privacy-CaPnwFVq.js.br                    [39m[1m[2m    2.55 kB[22m[1m[22m
[2mdist/[22m[32massets/AssistantFreeDashboard-mw7H6Ed5.js.br     [39m[1m[2m    2.58 kB[22m[1m[22m
[2mdist/[22m[32massets/LeaveReview-DojZI4p8.js.gz                [39m[1m[2m    2.59 kB[22m[1m[22m
[2mdist/[22m[32massets/Plans-Rwo9ANIE.js.br                      [39m[1m[2m    2.66 kB[22m[1m[22m
[2mdist/[22m[32massets/OnboardingWizard-DENkc7n_.js.br           [39m[1m[2m    2.67 kB[22m[1m[22m
[2mdist/[22m[32massets/PostScheduler-BwzD92NX.js.br              [39m[1m[2m    2.72 kB[22m[1m[22m
[2mdist/[22m[32massets/reportService-DJmhkAlS.js.br              [39m[1m[2m    2.76 kB[22m[1m[22m
[2mdist/[22m[32massets/Privacy-CaPnwFVq.js.gz                    [39m[1m[2m    2.85 kB[22m[1m[22m
[2mdist/[22m[32massets/AssistantFreeDashboard-mw7H6Ed5.js.gz     [39m[1m[2m    2.89 kB[22m[1m[22m
[2mdist/[22m[32massets/OnboardingWizard-DENkc7n_.js.gz           [39m[1m[2m    2.99 kB[22m[1m[22m
[2mdist/[22m[32massets/Plans-Rwo9ANIE.js.gz                      [39m[1m[2m    2.99 kB[22m[1m[22m
[2mdist/[22m[32massets/date-utils-BBVfUGLk.js.br                 [39m[1m[2m    3.01 kB[22m[1m[22m
[2mdist/[22m[32massets/Microsite-fyVuE2SV.js.br                  [39m[1m[2m    3.01 kB[22m[1m[22m
[2mdist/[22m[32massets/StudioCalendarPage-SgSNf8Wj.js.br         [39m[1m[2m    3.10 kB[22m[1m[22m
[2mdist/[22m[32massets/reportService-DJmhkAlS.js.gz              [39m[1m[2m    3.10 kB[22m[1m[22m
[2mdist/[22m[32massets/PostScheduler-BwzD92NX.js.gz              [39m[1m[2m    3.10 kB[22m[1m[22m
[2mdist/[22m[32massets/Services-CQ4Y_t1I.js.br                   [39m[1m[2m    3.16 kB[22m[1m[22m
[2mdist/[22m[32massets/UpgradePage-C4PS86Ws.js.br                [39m[1m[2m    3.26 kB[22m[1m[22m
[2mdist/[22m[32massets/date-utils-BBVfUGLk.js.gz                 [39m[1m[2m    3.31 kB[22m[1m[22m
[2mdist/[22m[32massets/StudioCalendarPage-SgSNf8Wj.js.gz         [39m[1m[2m    3.44 kB[22m[1m[22m
[2mdist/[22m[32massets/Microsite-fyVuE2SV.js.gz                  [39m[1m[2m    3.46 kB[22m[1m[22m
[2mdist/[22m[32massets/HomePage-DCYg5evu.js.br                   [39m[1m[2m    3.48 kB[22m[1m[22m
[2mdist/[22m[32massets/scroll-area-DGJ0mIKb.js.br                [39m[1m[2m    3.49 kB[22m[1m[22m
[2mdist/[22m[32massets/SignContract-Dj7-TZOL.js.br               [39m[1m[2m    3.50 kB[22m[1m[22m
[2mdist/[22m[32massets/Services-CQ4Y_t1I.js.gz                   [39m[1m[2m    3.56 kB[22m[1m[22m
[2mdist/[22m[32massets/UpgradePage-C4PS86Ws.js.gz                [39m[1m[2m    3.64 kB[22m[1m[22m
[2mdist/[22m[32massets/Marketing-lPKxjxji.js.br                  [39m[1m[2m    3.79 kB[22m[1m[22m
[2mdist/[22m[32massets/confetti.module-C_1cc0iU.js.br            [39m[1m[2m    3.83 kB[22m[1m[22m
[2mdist/[22m[32massets/ProjectContract-DOu8Bhbb.js.br            [39m[1m[2m    3.86 kB[22m[1m[22m
[2mdist/[22m[32massets/SignContract-Dj7-TZOL.js.gz               [39m[1m[2m    3.91 kB[22m[1m[22m
[2mdist/[22m[32massets/scroll-area-DGJ0mIKb.js.gz                [39m[1m[2m    3.92 kB[22m[1m[22m
[2mdist/[22m[32massets/HomePage-DCYg5evu.js.gz                   [39m[1m[2m    3.93 kB[22m[1m[22m
[2mdist/[22m[32massets/PublicBooking-C6lcDFqd.js.br              [39m[1m[2m    4.03 kB[22m[1m[22m
[2mdist/[22m[32massets/index-CAn-oE-D.js.br                      [39m[1m[2m    4.12 kB[22m[1m[22m
[2mdist/[22m[32massets/AssistantDashboard-BuWRMz3j.js.br         [39m[1m[2m    4.18 kB[22m[1m[22m
[2mdist/[22m[32massets/AssistantsPage-Cp5cgqRm.js.br             [39m[1m[2m    4.21 kB[22m[1m[22m
[2mdist/[22m[32massets/Marketing-lPKxjxji.js.gz                  [39m[1m[2m    4.22 kB[22m[1m[22m
[2mdist/[22m[32massets/confetti.module-C_1cc0iU.js.gz            [39m[1m[2m    4.23 kB[22m[1m[22m
[2mdist/[22m[32massets/FinancialPage-Cl7rz0Gz.js.br              [39m[1m[2m    4.27 kB[22m[1m[22m
[2mdist/[22m[32massets/Dashboard-Bqu9feP-.js.br                  [39m[1m[2m    4.31 kB[22m[1m[22m
[2mdist/[22m[32massets/ProjectContract-DOu8Bhbb.js.gz            [39m[1m[2m    4.45 kB[22m[1m[22m
[2mdist/[22m[32massets/PublicBooking-C6lcDFqd.js.gz              [39m[1m[2m    4.49 kB[22m[1m[22m
[2mdist/[22m[32massets/ClientDetailsPage-BETxDn47.js.br          [39m[1m[2m    4.51 kB[22m[1m[22m
[2mdist/[22m[32massets/BrideDashboardPage-C8BFPd7b.js.br         [39m[1m[2m    4.57 kB[22m[1m[22m
[2mdist/[22m[32massets/MicrositeEditor-DrHfzdtK.js.br            [39m[1m[2m    4.59 kB[22m[1m[22m
[2mdist/[22m[32massets/index-CAn-oE-D.js.gz                      [39m[1m[2m    4.60 kB[22m[1m[22m
[2mdist/[22m[32massets/AssistantDashboard-BuWRMz3j.js.gz         [39m[1m[2m    4.63 kB[22m[1m[22m
[2mdist/[22m[32massets/Resources-BkYYEGSf.js.br                  [39m[1m[2m    4.71 kB[22m[1m[22m
[2mdist/[22m[32massets/FinancialPage-Cl7rz0Gz.js.gz              [39m[1m[2m    4.76 kB[22m[1m[22m
[2mdist/[22m[32massets/AssistantsPage-Cp5cgqRm.js.gz             [39m[1m[2m    4.80 kB[22m[1m[22m
[2mdist/[22m[32massets/Dashboard-Bqu9feP-.js.gz                  [39m[1m[2m    4.84 kB[22m[1m[22m
[2mdist/[22m[32massets/NewProjectWizard-DAexki0I.js.br           [39m[1m[2m    4.95 kB[22m[1m[22m
[2mdist/[22m[32massets/BrideDashboardPage-C8BFPd7b.js.gz         [39m[1m[2m    5.12 kB[22m[1m[22m
[2mdist/[22m[32massets/ClientDetailsPage-BETxDn47.js.gz          [39m[1m[2m    5.12 kB[22m[1m[22m
[2mdist/[22m[32massets/MicrositeEditor-DrHfzdtK.js.gz            [39m[1m[2m    5.14 kB[22m[1m[22m
[2mdist/[22m[32massets/Resources-BkYYEGSf.js.gz                  [39m[1m[2m    5.27 kB[22m[1m[22m
[2mdist/[22m[32massets/BarChart-CeWjaTwA.js.br                   [39m[1m[2m    5.55 kB[22m[1m[22m
[2mdist/[22m[32massets/NewProjectWizard-DAexki0I.js.gz           [39m[1m[2m    5.56 kB[22m[1m[22m
[2mdist/[22m[32mindex.html                                       [39m[1m[2m    5.63 kB[22m[1m[22m[2m Ôöé gzip:     1.90 kB[22m
[2mdist/[22m[32massets/BillingPage-Cd6Akj7W.js.br                [39m[1m[2m    5.71 kB[22m[1m[22m
[2mdist/[22m[32massets/Analytics-Biu61PRj.js.br                  [39m[1m[2m    6.27 kB[22m[1m[22m
[2mdist/[22m[32massets/PieChart-Dz-47wMP.js.br                   [39m[1m[2m    6.29 kB[22m[1m[22m
[2mdist/[22m[32massets/BillingPage-Cd6Akj7W.js.gz                [39m[1m[2m    6.38 kB[22m[1m[22m
[2mdist/[22m[32massets/BarChart-CeWjaTwA.js.gz                   [39m[1m[2m    6.39 kB[22m[1m[22m
[2mdist/[22m[32massets/CalendarPage-Bjf69ZxA.js.br               [39m[1m[2m    6.64 kB[22m[1m[22m
[2mdist/[22m[32massets/Analytics-Biu61PRj.js.gz                  [39m[1m[2m    6.93 kB[22m[1m[22m
[2mdist/[22m[32massets/select-BrqJgXID.js.br                     [39m[1m[2m    6.94 kB[22m[1m[22m
[2mdist/[22m[32massets/PieChart-Dz-47wMP.js.gz                   [39m[1m[2m    7.09 kB[22m[1m[22m
[2mdist/[22m[32massets/CalendarPage-Bjf69ZxA.js.gz               [39m[1m[2m    7.43 kB[22m[1m[22m
[2mdist/[22m[32massets/select-BrqJgXID.js.gz                     [39m[1m[2m    7.71 kB[22m[1m[22m
[2mdist/[22m[32massets/purify.es-CsrAfxOD.js.br                  [39m[1m[2m    7.74 kB[22m[1m[22m
[2mdist/[22m[32massets/purify.es-CsrAfxOD.js.gz                  [39m[1m[2m    8.63 kB[22m[1m[22m
[2mdist/[22m[32massets/calendar-B2R-nLIc.js.br                   [39m[1m[2m    9.11 kB[22m[1m[22m
[2mdist/[22m[32massets/Contracts-BooVdThj.js.br                  [39m[1m[2m    9.14 kB[22m[1m[22m
[2mdist/[22m[32massets/ModernAIChat-Cwlal9F9.js.br               [39m[1m[2m    9.28 kB[22m[1m[22m
[2mdist/[22m[32massets/ClientsPage-BFZeg3x1.js.br                [39m[1m[2m    9.35 kB[22m[1m[22m
[2mdist/[22m[32massets/feature-forms-DqM2QONn.js.br              [39m[1m[2m    9.48 kB[22m[1m[22m
[2mdist/[22m[32massets/calendar-B2R-nLIc.js.gz                   [39m[1m[2m   10.30 kB[22m[1m[22m
[2mdist/[22m[32massets/Contracts-BooVdThj.js.gz                  [39m[1m[2m   10.32 kB[22m[1m[22m
[2mdist/[22m[32massets/feature-forms-DqM2QONn.js.gz              [39m[1m[2m   10.36 kB[22m[1m[22m
[2mdist/[22m[32massets/ClientsPage-BFZeg3x1.js.gz                [39m[1m[2m   10.41 kB[22m[1m[22m
[2mdist/[22m[32massets/ModernAIChat-Cwlal9F9.js.gz               [39m[1m[2m   10.50 kB[22m[1m[22m
[2mdist/[22m[32massets/ProjectDetailsPage-oGAyXXzw.js.br         [39m[1m[2m   12.68 kB[22m[1m[22m
[2mdist/[22m[32massets/Settings-CQgCuclm.js.br                   [39m[1m[2m   12.86 kB[22m[1m[22m
[2mdist/[22m[32massets/ProjectDetailsPage-oGAyXXzw.js.gz         [39m[1m[2m   14.44 kB[22m[1m[22m
[2mdist/[22m[32massets/Settings-CQgCuclm.js.gz                   [39m[1m[2m   14.55 kB[22m[1m[22m
[2mdist/[22m[32massets/SalesPipeline-DHu0Vea3.js.br              [39m[1m[2m   17.98 kB[22m[1m[22m
[2mdist/[22m[32massets/SalesPipeline-DHu0Vea3.js.gz              [39m[1m[2m   19.88 kB[22m[1m[22m
[2mdist/[22m[32massets/vendor-utils-BvP1mSzu.js.br               [39m[1m[2m   21.45 kB[22m[1m[22m
[2mdist/[22m[32massets/AdminDashboard-CxBugQcs.js.br             [39m[1m[2m   23.63 kB[22m[1m[22m
[2mdist/[22m[32massets/index-CNJ84Zll.css.br                     [39m[1m[2m   23.83 kB[22m[1m[22m
[2mdist/[22m[32massets/vendor-utils-BvP1mSzu.js.gz               [39m[1m[2m   24.38 kB[22m[1m[22m
[2mdist/[22m[32massets/AdminDashboard-CxBugQcs.js.gz             [39m[1m[2m   28.17 kB[22m[1m[22m
[2mdist/[22m[32massets/index-CNJ84Zll.css.gz                     [39m[1m[2m   30.32 kB[22m[1m[22m
[2mdist/[22m[32massets/vendor-supabase-D_CmHeyx.js.br            [39m[1m[2m   37.99 kB[22m[1m[22m
[2mdist/[22m[32massets/html2canvas.esm-DmLBsbfV.js.br            [39m[1m[2m   38.24 kB[22m[1m[22m
[2mdist/[22m[32massets/ai-markdown-aqfBWAz5.js.br                [39m[1m[2m   41.56 kB[22m[1m[22m
[2mdist/[22m[32massets/vendor-supabase-D_CmHeyx.js.gz            [39m[1m[2m   44.58 kB[22m[1m[22m
[2mdist/[22m[32massets/index.es-D-7fuLTr.js.br                   [39m[1m[2m   45.86 kB[22m[1m[22m
[2mdist/[22m[32massets/html2canvas.esm-DmLBsbfV.js.gz            [39m[1m[2m   47.04 kB[22m[1m[22m
[2mdist/[22m[32massets/ai-markdown-aqfBWAz5.js.gz                [39m[1m[2m   47.32 kB[22m[1m[22m
[2mdist/[22m[32massets/feature-calendar-DtYpWni4.js.br           [39m[1m[2m   47.90 kB[22m[1m[22m
[2mdist/[22m[32massets/index.es-D-7fuLTr.js.gz                   [39m[1m[2m   52.58 kB[22m[1m[22m
[2mdist/[22m[32massets/feature-calendar-DtYpWni4.js.gz           [39m[1m[2m   54.88 kB[22m[1m[22m
[2mdist/[22m[32massets/AIController-BKQvI3Dv.js.br               [39m[1m[2m   55.39 kB[22m[1m[22m
[2mdist/[22m[32massets/AIController-BKQvI3Dv.js.gz               [39m[1m[2m   63.54 kB[22m[1m[22m
[2mdist/[22m[32massets/generateCategoricalChart-C57JPdEs.js.br   [39m[1m[2m   72.05 kB[22m[1m[22m
[2mdist/[22m[32massets/generateCategoricalChart-C57JPdEs.js.gz   [39m[1m[2m   86.69 kB[22m[1m[22m
[2mdist/[22m[32massets/SignatureModal-BAw_PP4O.js.br             [39m[1m[2m   98.79 kB[22m[1m[22m
[2mdist/[22m[32massets/vendor-core-BR9X1Hxb.js.br                [39m[1m[2m   99.33 kB[22m[1m[22m
[2mdist/[22m[32massets/jspdf.es.min-BhisRUYq.js.br               [39m[1m[2m  105.48 kB[22m[1m[22m
[2mdist/[22m[32massets/vendor-core-BR9X1Hxb.js.gz                [39m[1m[2m  115.35 kB[22m[1m[22m
[2mdist/[22m[32massets/SignatureModal-BAw_PP4O.js.gz             [39m[1m[2m  115.48 kB[22m[1m[22m
[2mdist/[22m[32massets/jspdf.es.min-BhisRUYq.js.gz               [39m[1m[2m  125.10 kB[22m[1m[22m
[2mdist/[22m[32massets/index-B8Sb08_b.js.br                      [39m[1m[2m  152.09 kB[22m[1m[22m
[2mdist/[22m[32massets/index-B8Sb08_b.js.gz                      [39m[1m[2m  176.18 kB[22m[1m[22m
[2mdist/[22m[32massets/exceljs.min-BPut69F1.js.br                [39m[1m[2m  217.41 kB[22m[1m[22m
[2mdist/[22m[32massets/exceljs.min-BPut69F1.js.gz                [39m[1m[2m  268.88 kB[22m[1m[22m
[2mdist/[22m[32massets/react-pdf.browser-PpjpnoT_.js.br          [39m[1m[2m  415.31 kB[22m[1m[22m
[2mdist/[22m[32massets/react-pdf.browser-PpjpnoT_.js.gz          [39m[1m[2m  524.23 kB[22m[1m[22m
[2mdist/[22m[32massets/ai-engine-Dd_81R61.js.br                  [39m[1m[2m1,435.26 kB[22m[1m[22m
[2mdist/[22m[32massets/ai-engine-Dd_81R61.js.gz                  [39m[1m[2m2,136.67 kB[22m[1m[22m
[2mdist/[22m[35massets/AIController-CRSl7P9M.css                 [39m[1m[2m    2.02 kB[22m[1m[22m[2m Ôöé gzip:     0.72 kB[22m
[2mdist/[22m[35massets/CalendarPage-BSwzzYnC.css                 [39m[1m[2m   10.88 kB[22m[1m[22m[2m Ôöé gzip:     2.48 kB[22m
[2mdist/[22m[35massets/index-CNJ84Zll.css                        [39m[1m[2m  201.75 kB[22m[1m[22m[2m Ôöé gzip:    30.68 kB[22m
[2mdist/[22m[36massets/index-BdQq_4o_.js                         [39m[1m[2m    0.06 kB[22m[1m[22m[2m Ôöé gzip:     0.08 kB[22m
[2mdist/[22m[36massets/queryKeys-hiAhjbZY.js                     [39m[1m[2m    0.17 kB[22m[1m[22m[2m Ôöé gzip:     0.17 kB[22m
[2mdist/[22m[36massets/useAI-DpDUS8FY.js                         [39m[1m[2m    0.22 kB[22m[1m[22m[2m Ôöé gzip:     0.19 kB[22m
[2mdist/[22m[36massets/SafeHTML-C_L8Xaqb.js                      [39m[1m[2m    0.23 kB[22m[1m[22m[2m Ôöé gzip:     0.20 kB[22m
[2mdist/[22m[36massets/index-BzYpBWVZ.js                         [39m[1m[2m    0.24 kB[22m[1m[22m[2m Ôöé gzip:     0.18 kB[22m
[2mdist/[22m[36massets/_commonjs-dynamic-modules-TDtrdbi3.js     [39m[1m[2m    0.24 kB[22m[1m[22m[2m Ôöé gzip:     0.19 kB[22m
[2mdist/[22m[36massets/sanitize-BRQ5Zr0a.js                      [39m[1m[2m    0.37 kB[22m[1m[22m[2m Ôöé gzip:     0.27 kB[22m
[2mdist/[22m[36massets/textarea-DF1xyBEk.js                      [39m[1m[2m    0.54 kB[22m[1m[22m[2m Ôöé gzip:     0.35 kB[22m
[2mdist/[22m[36massets/upload-rsWjRnWI.js                        [39m[1m[2m    0.56 kB[22m[1m[22m[2m Ôöé gzip:     0.38 kB[22m
[2mdist/[22m[36massets/useRole-CP_moiHn.js                       [39m[1m[2m    0.71 kB[22m[1m[22m[2m Ôöé gzip:     0.41 kB[22m
[2mdist/[22m[36massets/badge-CQ564yI_.js                         [39m[1m[2m    0.75 kB[22m[1m[22m[2m Ôöé gzip:     0.39 kB[22m
[2mdist/[22m[36massets/empty-state-DRuonEWH.js                   [39m[1m[2m    0.87 kB[22m[1m[22m[2m Ôöé gzip:     0.46 kB[22m
[2mdist/[22m[36massets/label-DFqH_tKl.js                         [39m[1m[2m    0.92 kB[22m[1m[22m[2m Ôöé gzip:     0.57 kB[22m
[2mdist/[22m[36massets/alert-DjTCmVZV.js                         [39m[1m[2m    0.95 kB[22m[1m[22m[2m Ôöé gzip:     0.49 kB[22m
[2mdist/[22m[36massets/action-buttons-DF85SHGI.js                [39m[1m[2m    0.95 kB[22m[1m[22m[2m Ôöé gzip:     0.44 kB[22m
[2mdist/[22m[36massets/AssistantLayout-_-C-06ZQ.js               [39m[1m[2m    1.00 kB[22m[1m[22m[2m Ôöé gzip:     0.57 kB[22m
[2mdist/[22m[36massets/useBlogPosts-BvD-vyKE.js                  [39m[1m[2m    1.05 kB[22m[1m[22m[2m Ôöé gzip:     0.50 kB[22m
[2mdist/[22m[36massets/BrideProtectedRoute-vbO3xV_J.js           [39m[1m[2m    1.12 kB[22m[1m[22m[2m Ôöé gzip:     0.63 kB[22m
[2mdist/[22m[36massets/error-handler-DGW3sR79.js                 [39m[1m[2m    1.17 kB[22m[1m[22m[2m Ôöé gzip:     0.65 kB[22m
[2mdist/[22m[36massets/NotFound-Hxb1VeZG.js                      [39m[1m[2m    1.21 kB[22m[1m[22m[2m Ôöé gzip:     0.60 kB[22m
[2mdist/[22m[36massets/card-BREsXZRF.js                          [39m[1m[2m    1.21 kB[22m[1m[22m[2m Ôöé gzip:     0.43 kB[22m
[2mdist/[22m[36massets/useMFA-sIT2y1Yc.js                        [39m[1m[2m    1.38 kB[22m[1m[22m[2m Ôöé gzip:     0.54 kB[22m
[2mdist/[22m[36massets/Integrations-Bia_iPOd.js                  [39m[1m[2m    1.49 kB[22m[1m[22m[2m Ôöé gzip:     0.73 kB[22m
[2mdist/[22m[36massets/UpdatePassword-DbNPw8dt.js                [39m[1m[2m    1.52 kB[22m[1m[22m[2m Ôöé gzip:     0.85 kB[22m
[2mdist/[22m[36massets/table-Bcs1N-hn.js                         [39m[1m[2m    1.53 kB[22m[1m[22m[2m Ôöé gzip:     0.54 kB[22m
[2mdist/[22m[36massets/MetricCard-BjXKIsTV.js                    [39m[1m[2m    1.68 kB[22m[1m[22m[2m Ôöé gzip:     0.66 kB[22m
[2mdist/[22m[36massets/useAIStore-B5Irv6PO.js                    [39m[1m[2m    1.70 kB[22m[1m[22m[2m Ôöé gzip:     0.70 kB[22m
[2mdist/[22m[36massets/middleware-BecK8QcD.js                    [39m[1m[2m    1.81 kB[22m[1m[22m[2m Ôöé gzip:     0.88 kB[22m
[2mdist/[22m[36massets/UpgradePendingPage-DU-idDDw.js            [39m[1m[2m    2.06 kB[22m[1m[22m[2m Ôöé gzip:     0.96 kB[22m
[2mdist/[22m[36massets/UpgradeFailurePage-Bha3e7gw.js            [39m[1m[2m    2.13 kB[22m[1m[22m[2m Ôöé gzip:     0.96 kB[22m
[2mdist/[22m[36massets/dialog-Ck3VCV2I.js                        [39m[1m[2m    2.17 kB[22m[1m[22m[2m Ôöé gzip:     0.85 kB[22m
[2mdist/[22m[36massets/GoogleCalendarCallback-DZeDcoXq.js        [39m[1m[2m    2.30 kB[22m[1m[22m[2m Ôöé gzip:     1.00 kB[22m
[2mdist/[22m[36massets/RevenueChart-BDmYLucY.js                  [39m[1m[2m    2.33 kB[22m[1m[22m[2m Ôöé gzip:     1.08 kB[22m
[2mdist/[22m[36massets/switch-VMEkUfV0.js                        [39m[1m[2m    2.52 kB[22m[1m[22m[2m Ôöé gzip:     1.26 kB[22m
[2mdist/[22m[36massets/MFAVerifyPage-CQ64sUK0.js                 [39m[1m[2m    2.57 kB[22m[1m[22m[2m Ôöé gzip:     1.35 kB[22m
[2mdist/[22m[36massets/UpgradeSuccessPage-DGVqErhV.js            [39m[1m[2m    2.58 kB[22m[1m[22m[2m Ôöé gzip:     1.01 kB[22m
[2mdist/[22m[36massets/BlogArticle-Cherjtxp.js                   [39m[1m[2m    2.60 kB[22m[1m[22m[2m Ôöé gzip:     1.10 kB[22m
[2mdist/[22m[36massets/AuthLayout-DP9sqANM.js                    [39m[1m[2m    2.68 kB[22m[1m[22m[2m Ôöé gzip:     1.07 kB[22m
[2mdist/[22m[36massets/progress-CeWuO37E.js                      [39m[1m[2m    2.73 kB[22m[1m[22m[2m Ôöé gzip:     1.34 kB[22m
[2mdist/[22m[36massets/ForgotPassword-B6VyHH2l.js                [39m[1m[2m    2.84 kB[22m[1m[22m[2m Ôöé gzip:     1.28 kB[22m
[2mdist/[22m[36massets/CheckoutReturn-8r0umkee.js                [39m[1m[2m    2.89 kB[22m[1m[22m[2m Ôöé gzip:     1.09 kB[22m
[2mdist/[22m[36massets/tabs-BEK1jNq3.js                          [39m[1m[2m    3.23 kB[22m[1m[22m[2m Ôöé gzip:     1.37 kB[22m
[2mdist/[22m[36massets/WhatsAppButtons-BfsYRy5m.js               [39m[1m[2m    3.75 kB[22m[1m[22m[2m Ôöé gzip:     1.73 kB[22m
[2mdist/[22m[36massets/dropdown-menu-CdvBAI3n.js                 [39m[1m[2m    3.79 kB[22m[1m[22m[2m Ôöé gzip:     1.04 kB[22m
[2mdist/[22m[36massets/Login-9iXQnOY-.js                         [39m[1m[2m    3.83 kB[22m[1m[22m[2m Ôöé gzip:     1.69 kB[22m
[2mdist/[22m[36massets/checkbox-DS3jdi0I.js                      [39m[1m[2m    3.91 kB[22m[1m[22m[2m Ôöé gzip:     1.72 kB[22m
[2mdist/[22m[36massets/Terms-BqyDQ4lO.js                         [39m[1m[2m    3.95 kB[22m[1m[22m[2m Ôöé gzip:     1.64 kB[22m
[2mdist/[22m[36massets/SEOHead-BiAGDd1-.js                       [39m[1m[2m    3.99 kB[22m[1m[22m[2m Ôöé gzip:     1.82 kB[22m
[2mdist/[22m[36massets/AuthCallbackHandler-X1suh-5q.js           [39m[1m[2m    4.01 kB[22m[1m[22m[2m Ôöé gzip:     1.59 kB[22m
[2mdist/[22m[36massets/Cookies-Di-rLy4V.js                       [39m[1m[2m    4.07 kB[22m[1m[22m[2m Ôöé gzip:     1.57 kB[22m
[2mdist/[22m[36massets/AcceptInvitePage-CTMT0UP8.js              [39m[1m[2m    4.20 kB[22m[1m[22m[2m Ôöé gzip:     1.79 kB[22m
[2mdist/[22m[36massets/Security-CdZmMaw9.js                      [39m[1m[2m    4.24 kB[22m[1m[22m[2m Ôöé gzip:     1.76 kB[22m
[2mdist/[22m[36massets/validators-CcT6ngB2.js                    [39m[1m[2m    4.30 kB[22m[1m[22m[2m Ôöé gzip:     1.79 kB[22m
[2mdist/[22m[36massets/BrideLoginPage-DQCkuu5U.js                [39m[1m[2m    4.38 kB[22m[1m[22m[2m Ôöé gzip:     1.80 kB[22m
[2mdist/[22m[36massets/DPA-jNgn6w3e.js                           [39m[1m[2m    4.54 kB[22m[1m[22m[2m Ôöé gzip:     1.79 kB[22m
[2mdist/[22m[36massets/Refund-BNRLSoo3.js                        [39m[1m[2m    4.88 kB[22m[1m[22m[2m Ôöé gzip:     1.97 kB[22m
[2mdist/[22m[36massets/Register-BcwaLAPe.js                      [39m[1m[2m    5.16 kB[22m[1m[22m[2m Ôöé gzip:     2.16 kB[22m
[2mdist/[22m[36massets/StudioAvailabilityPage-uej1cVFJ.js        [39m[1m[2m    5.27 kB[22m[1m[22m[2m Ôöé gzip:     1.98 kB[22m
[2mdist/[22m[36massets/AssistantQuickLogin-BsB4qOdu.js           [39m[1m[2m    5.73 kB[22m[1m[22m[2m Ôöé gzip:     2.24 kB[22m
[2mdist/[22m[36massets/workbox-window.prod.es5-BIl4cyR9.js       [39m[1m[2m    5.76 kB[22m[1m[22m[2m Ôöé gzip:     2.37 kB[22m
[2mdist/[22m[36massets/pt-BR-BcCl0GMU.js                         [39m[1m[2m    5.88 kB[22m[1m[22m[2m Ôöé gzip:     2.10 kB[22m
[2mdist/[22m[36massets/index-C7yKKq-w.js                         [39m[1m[2m    6.19 kB[22m[1m[22m[2m Ôöé gzip:     2.10 kB[22m
[2mdist/[22m[36massets/CanvasPanel-BRHwgxu1.js                   [39m[1m[2m    6.49 kB[22m[1m[22m[2m Ôöé gzip:     2.39 kB[22m
[2mdist/[22m[36massets/Blog-Db_OqNO6.js                          [39m[1m[2m    6.88 kB[22m[1m[22m[2m Ôöé gzip:     2.15 kB[22m
[2mdist/[22m[36massets/LeaveReview-DojZI4p8.js                   [39m[1m[2m    7.07 kB[22m[1m[22m[2m Ôöé gzip:     2.59 kB[22m
[2mdist/[22m[36massets/reportService-DJmhkAlS.js                 [39m[1m[2m    7.07 kB[22m[1m[22m[2m Ôöé gzip:     3.10 kB[22m
[2mdist/[22m[36massets/Contact-Bono6KUF.js                       [39m[1m[2m    7.49 kB[22m[1m[22m[2m Ôöé gzip:     2.22 kB[22m
[2mdist/[22m[36massets/Plans-Rwo9ANIE.js                         [39m[1m[2m    8.52 kB[22m[1m[22m[2m Ôöé gzip:     3.00 kB[22m
[2mdist/[22m[36massets/PostScheduler-BwzD92NX.js                 [39m[1m[2m    8.71 kB[22m[1m[22m[2m Ôöé gzip:     3.11 kB[22m
[2mdist/[22m[36massets/date-utils-BBVfUGLk.js                    [39m[1m[2m    8.86 kB[22m[1m[22m[2m Ôöé gzip:     3.31 kB[22m
[2mdist/[22m[36massets/UpgradePage-C4PS86Ws.js                   [39m[1m[2m    9.11 kB[22m[1m[22m[2m Ôöé gzip:     3.64 kB[22m
[2mdist/[22m[36massets/OnboardingWizard-DENkc7n_.js              [39m[1m[2m    9.13 kB[22m[1m[22m[2m Ôöé gzip:     2.99 kB[22m
[2mdist/[22m[36massets/Privacy-CaPnwFVq.js                       [39m[1m[2m    9.18 kB[22m[1m[22m[2m Ôöé gzip:     2.85 kB[22m
[2mdist/[22m[36massets/AssistantFreeDashboard-mw7H6Ed5.js        [39m[1m[2m    9.31 kB[22m[1m[22m[2m Ôöé gzip:     2.90 kB[22m
[2mdist/[22m[36massets/Services-CQ4Y_t1I.js                      [39m[1m[2m   10.21 kB[22m[1m[22m[2m Ôöé gzip:     3.56 kB[22m
[2mdist/[22m[36massets/confetti.module-C_1cc0iU.js               [39m[1m[2m   10.59 kB[22m[1m[22m[2m Ôöé gzip:     4.23 kB[22m
[2mdist/[22m[36massets/Microsite-fyVuE2SV.js                     [39m[1m[2m   11.39 kB[22m[1m[22m[2m Ôöé gzip:     3.46 kB[22m
[2mdist/[22m[36massets/HomePage-DCYg5evu.js                      [39m[1m[2m   11.80 kB[22m[1m[22m[2m Ôöé gzip:     3.94 kB[22m
[2mdist/[22m[36massets/StudioCalendarPage-SgSNf8Wj.js            [39m[1m[2m   11.87 kB[22m[1m[22m[2m Ôöé gzip:     3.45 kB[22m
[2mdist/[22m[36massets/ProjectContract-DOu8Bhbb.js               [39m[1m[2m   12.09 kB[22m[1m[22m[2m Ôöé gzip:     4.46 kB[22m
[2mdist/[22m[36massets/SignContract-Dj7-TZOL.js                  [39m[1m[2m   12.22 kB[22m[1m[22m[2m Ôöé gzip:     3.92 kB[22m
[2mdist/[22m[36massets/Marketing-lPKxjxji.js                     [39m[1m[2m   12.38 kB[22m[1m[22m[2m Ôöé gzip:     4.23 kB[22m
[2mdist/[22m[36massets/scroll-area-DGJ0mIKb.js                   [39m[1m[2m   12.46 kB[22m[1m[22m[2m Ôöé gzip:     3.92 kB[22m
[2mdist/[22m[36massets/index-CAn-oE-D.js                         [39m[1m[2m   13.30 kB[22m[1m[22m[2m Ôöé gzip:     4.61 kB[22m
[2mdist/[22m[36massets/AssistantsPage-Cp5cgqRm.js                [39m[1m[2m   13.81 kB[22m[1m[22m[2m Ôöé gzip:     4.81 kB[22m
[2mdist/[22m[36massets/PublicBooking-C6lcDFqd.js                 [39m[1m[2m   14.01 kB[22m[1m[22m[2m Ôöé gzip:     4.50 kB[22m
[2mdist/[22m[36massets/Resources-BkYYEGSf.js                     [39m[1m[2m   14.63 kB[22m[1m[22m[2m Ôöé gzip:     5.27 kB[22m
[2mdist/[22m[36massets/FinancialPage-Cl7rz0Gz.js                 [39m[1m[2m   15.49 kB[22m[1m[22m[2m Ôöé gzip:     4.76 kB[22m
[2mdist/[22m[36massets/Dashboard-Bqu9feP-.js                     [39m[1m[2m   15.80 kB[22m[1m[22m[2m Ôöé gzip:     4.85 kB[22m
[2mdist/[22m[36massets/BrideDashboardPage-C8BFPd7b.js            [39m[1m[2m   16.13 kB[22m[1m[22m[2m Ôöé gzip:     5.12 kB[22m
[2mdist/[22m[36massets/AssistantDashboard-BuWRMz3j.js            [39m[1m[2m   16.18 kB[22m[1m[22m[2m Ôöé gzip:     4.64 kB[22m
[2mdist/[22m[36massets/ClientDetailsPage-BETxDn47.js             [39m[1m[2m   18.41 kB[22m[1m[22m[2m Ôöé gzip:     5.13 kB[22m
[2mdist/[22m[36massets/MicrositeEditor-DrHfzdtK.js               [39m[1m[2m   19.57 kB[22m[1m[22m[2m Ôöé gzip:     5.15 kB[22m
[2mdist/[22m[36massets/Analytics-Biu61PRj.js                     [39m[1m[2m   21.21 kB[22m[1m[22m[2m Ôöé gzip:     6.94 kB[22m
[2mdist/[22m[36massets/BillingPage-Cd6Akj7W.js                   [39m[1m[2m   21.53 kB[22m[1m[22m[2m Ôöé gzip:     6.39 kB[22m
[2mdist/[22m[36massets/NewProjectWizard-DAexki0I.js              [39m[1m[2m   22.09 kB[22m[1m[22m[2m Ôöé gzip:     5.59 kB[22m
[2mdist/[22m[36massets/select-BrqJgXID.js                        [39m[1m[2m   22.18 kB[22m[1m[22m[2m Ôöé gzip:     7.72 kB[22m
[2mdist/[22m[36massets/purify.es-CsrAfxOD.js                     [39m[1m[2m   22.52 kB[22m[1m[22m[2m Ôöé gzip:     8.64 kB[22m
[2mdist/[22m[36massets/BarChart-CeWjaTwA.js                      [39m[1m[2m   24.67 kB[22m[1m[22m[2m Ôöé gzip:     6.39 kB[22m
[2mdist/[22m[36massets/PieChart-Dz-47wMP.js                      [39m[1m[2m   26.08 kB[22m[1m[22m[2m Ôöé gzip:     7.10 kB[22m
[2mdist/[22m[36massets/CalendarPage-Bjf69ZxA.js                  [39m[1m[2m   26.20 kB[22m[1m[22m[2m Ôöé gzip:     7.45 kB[22m
[2mdist/[22m[36massets/feature-forms-DqM2QONn.js                 [39m[1m[2m   28.18 kB[22m[1m[22m[2m Ôöé gzip:    10.36 kB[22m
[2mdist/[22m[36massets/calendar-B2R-nLIc.js                      [39m[1m[2m   32.32 kB[22m[1m[22m[2m Ôöé gzip:    10.32 kB[22m
[2mdist/[22m[36massets/Contracts-BooVdThj.js                     [39m[1m[2m   34.55 kB[22m[1m[22m[2m Ôöé gzip:    10.34 kB[22m
[2mdist/[22m[36massets/ClientsPage-BFZeg3x1.js                   [39m[1m[2m   34.89 kB[22m[1m[22m[2m Ôöé gzip:    10.43 kB[22m
[2mdist/[22m[36massets/ModernAIChat-Cwlal9F9.js                  [39m[1m[2m   35.10 kB[22m[1m[22m[2m Ôöé gzip:    10.53 kB[22m
[2mdist/[22m[36massets/Settings-CQgCuclm.js                      [39m[1m[2m   57.75 kB[22m[1m[22m[2m Ôöé gzip:    14.62 kB[22m
[2mdist/[22m[36massets/ProjectDetailsPage-oGAyXXzw.js            [39m[1m[2m   58.94 kB[22m[1m[22m[2m Ôöé gzip:    14.49 kB[22m
[2mdist/[22m[36massets/SalesPipeline-DHu0Vea3.js                 [39m[1m[2m   62.87 kB[22m[1m[22m[2m Ôöé gzip:    19.92 kB[22m
[2mdist/[22m[36massets/vendor-utils-BvP1mSzu.js                  [39m[1m[2m  102.04 kB[22m[1m[22m[2m Ôöé gzip:    24.42 kB[22m
[2mdist/[22m[36massets/AdminDashboard-CxBugQcs.js                [39m[1m[2m  119.68 kB[22m[1m[22m[2m Ôöé gzip:    28.34 kB[22m
[2mdist/[22m[36massets/ai-markdown-aqfBWAz5.js                   [39m[1m[2m  156.61 kB[22m[1m[22m[2m Ôöé gzip:    47.40 kB[22m
[2mdist/[22m[36massets/index.es-D-7fuLTr.js                      [39m[1m[2m  158.00 kB[22m[1m[22m[2m Ôöé gzip:    52.74 kB[22m
[2mdist/[22m[36massets/vendor-supabase-D_CmHeyx.js               [39m[1m[2m  168.89 kB[22m[1m[22m[2m Ôöé gzip:    44.71 kB[22m
[2mdist/[22m[36massets/feature-calendar-DtYpWni4.js              [39m[1m[2m  170.78 kB[22m[1m[22m[2m Ôöé gzip:    55.02 kB[22m
[2mdist/[22m[36massets/html2canvas.esm-DmLBsbfV.js               [39m[1m[2m  200.54 kB[22m[1m[22m[2m Ôöé gzip:    47.30 kB[22m
[2mdist/[22m[36massets/AIController-BKQvI3Dv.js                  [39m[1m[2m  230.08 kB[22m[1m[22m[2m Ôöé gzip:    63.68 kB[22m
[2mdist/[22m[36massets/generateCategoricalChart-C57JPdEs.js      [39m[1m[2m  322.94 kB[22m[1m[22m[2m Ôöé gzip:    86.92 kB[22m
[2mdist/[22m[36massets/vendor-core-BR9X1Hxb.js                   [39m[1m[2m  353.43 kB[22m[1m[22m[2m Ôöé gzip:   115.60 kB[22m
[2mdist/[22m[36massets/SignatureModal-BAw_PP4O.js                [39m[1m[2m  363.46 kB[22m[1m[22m[2m Ôöé gzip:   115.68 kB[22m
[2mdist/[22m[36massets/jspdf.es.min-BhisRUYq.js                  [39m[1m[2m  384.31 kB[22m[1m[22m[2m Ôöé gzip:   125.41 kB[22m
[2mdist/[22m[36massets/index-B8Sb08_b.js                         [39m[1m[2m  530.70 kB[22m[1m[22m[2m Ôöé gzip:   176.59 kB[22m
[2mdist/[22m[36massets/exceljs.min-BPut69F1.js                   [39m[1m[2m  935.80 kB[22m[1m[22m[2m Ôöé gzip:   270.32 kB[22m
[2mdist/[22m[36massets/react-pdf.browser-PpjpnoT_.js             [39m[1m[33m1,568.30 kB[39m[22m[2m Ôöé gzip:   525.03 kB[22m
[2mdist/[22m[36massets/ai-engine-Dd_81R61.js                     [39m[1m[33m6,012.30 kB[39m[22m[2m Ôöé gzip: 2,138.09 kB[22m

(!) Some chunks are larger than 1000 kB after minification. Consider:
- Using dynamic import() to code-split the application
- Use build.rollupOptions.output.manualChunks to improve chunking: https://rollupjs.org/configuration-options/#output-manualchunks
- Adjust chunk size limit for this warning via build.chunkSizeWarningLimit.

PWA v1.2.0
mode      generateSW
precache  149 entries (17535.29 KiB)
files generated
  dist/sw.js
  dist/workbox-4b126c97.js
[2mdist/[22m[32moffline.html.gz              [39m[1m[2m0.59 kB[1m[22m
[2mdist/[22m[32mdebug_connection.html.gz     [39m[1m[2m1.22 kB[1m[22m
[2mdist/[22m[32mpush-handler.js.gz           [39m[1m[2m0.59 kB[1m[22m
[2mdist/[22m[32mplaceholder.svg.gz           [39m[1m[2m0.92 kB[1m[22m
[2mdist/[22m[32moffline.html.br              [39m[1m[2m0.42 kB[1m[22m
[2mdist/[22m[32mdebug_connection.html.br     [39m[1m[2m0.89 kB[1m[22m
[2mdist/[22m[32mpush-handler.js.br           [39m[1m[2m0.49 kB[1m[22m
[2mdist/[22m[32mplaceholder.svg.br           [39m[1m[2m0.84 kB[1m[22m
[2mdist/[22m[32msitemap.xml.gz               [39m[1m[2m0.30 kB[1m[22m
[2mdist/[22m[32msitemap.xml.br               [39m[1m[2m0.25 kB[1m[22m
[2mdist/[22m[32mdebug_connection.html.gz     [39m[1m[2m1.22 kB[1m[22m
[2mdist/[22m[32mpush-handler.js.gz           [39m[1m[2m0.59 kB[1m[22m
[2mdist/[22m[32moffline.html.gz              [39m[1m[2m0.59 kB[1m[22m
[2mdist/[22m[32mplaceholder.svg.gz           [39m[1m[2m0.92 kB[1m[22m
[2mdist/[22m[32mdebug_connection.html.br     [39m[1m[2m0.89 kB[1m[22m
[2mdist/[22m[32msitemap.xml.gz               [39m[1m[2m0.30 kB[1m[22m
[2mdist/[22m[32mpush-handler.js.br           [39m[1m[2m0.49 kB[1m[22m
[2mdist/[22m[32mplaceholder.svg.br           [39m[1m[2m0.84 kB[1m[22m
[2mdist/[22m[32moffline.html.br              [39m[1m[2m0.42 kB[1m[22m
[2mdist/[22m[32msitemap.xml.br               [39m[1m[2m0.25 kB[1m[22m
